// Jest Snapshot v1, https://goo.gl/fbAQLP

exports[`Check if our FeedbackView renders correctly 1`] = `null`;
