// Jest Snapshot v1, https://goo.gl/fbAQLP

exports[`Check if our RenderPedway renders correctly 1`] = `null`;
