// Jest Snapshot v1, https://goo.gl/fbAQLP

exports[`Check if our RenderAttractions renders correctly 1`] = `null`;
